api/index.ts(1,29): error TS2307: Cannot find module 'server/node_modules/@nestjs/core' or its corresponding type declarations.
api/index.ts(2,27): error TS2307: Cannot find module 'server/src/app.module' or its corresponding type declarations.
api/index.ts(3,32): error TS2307: Cannot find module 'server/node_modules/@nestjs/common' or its corresponding type declarations.
prisma/seed.ts(2,25): error TS2307: Cannot find module 'server/node_modules/@types/bcrypt' or its corresponding type declarations.
src/anti-cheat/anti-cheat.module.ts(1,10): error TS2305: Module '"@nestjs/common"' has no exported member 'Module'.
src/anti-cheat/anti-cheat.service.ts(1,10): error TS2305: Module '"@nestjs/common"' has no exported member 'Injectable'.
src/anti-cheat/anti-cheat.service.ts(1,22): error TS2305: Module '"@nestjs/common"' has no exported member 'Logger'.
src/anti-cheat/anti-cheat.service.ts(1,30): error TS2305: Module '"@nestjs/common"' has no exported member 'ForbiddenException'.
src/app.module.ts(1,10): error TS2305: Module '"@nestjs/common"' has no exported member 'Module'.
src/app.module.ts(2,10): error TS2305: Module '"@nestjs/config"' has no exported member 'ConfigModule'.
src/app.module.ts(4,10): error TS2305: Module '"@nestjs/bull"' has no exported member 'BullModule'.
src/app.module.ts(6,10): error TS2305: Module '"@nestjs/schedule"' has no exported member 'ScheduleModule'.
src/auth/auth.controller.ts(1,10): error TS2305: Module '"@nestjs/common"' has no exported member 'Body'.
src/auth/auth.controller.ts(1,16): error TS2305: Module '"@nestjs/common"' has no exported member 'Controller'.
src/auth/auth.controller.ts(1,28): error TS2305: Module '"@nestjs/common"' has no exported member 'Post'.
src/auth/auth.controller.ts(1,34): error TS2305: Module '"@nestjs/common"' has no exported member 'HttpCode'.
src/auth/auth.controller.ts(1,44): error TS2305: Module '"@nestjs/common"' has no exported member 'HttpStatus'.
src/auth/auth.controller.ts(1,56): error TS2305: Module '"@nestjs/common"' has no exported member 'UsePipes'.
src/auth/auth.controller.ts(1,66): error TS2305: Module '"@nestjs/common"' has no exported member 'ValidationPipe'.
src/auth/auth.module.ts(1,10): error TS2305: Module '"@nestjs/common"' has no exported member 'Module'.
src/auth/auth.module.ts(2,10): error TS2305: Module '"@nestjs/jwt"' has no exported member 'JwtModule'.
src/auth/auth.module.ts(3,10): error TS2305: Module '"@nestjs/passport"' has no exported member 'PassportModule'.
src/auth/auth.service.ts(1,10): error TS2305: Module '"@nestjs/common"' has no exported member 'Injectable'.
src/auth/auth.service.ts(1,22): error TS2305: Module '"@nestjs/common"' has no exported member 'UnauthorizedException'.
src/auth/auth.service.ts(1,45): error TS2305: Module '"@nestjs/common"' has no exported member 'ConflictException'.
src/auth/auth.service.ts(3,10): error TS2305: Module '"@nestjs/jwt"' has no exported member 'JwtService'.
src/auth/auth.service.ts(4,25): error TS6137: Cannot import type declaration files. Consider importing 'bcrypt' instead of '@types/bcrypt'.
src/auth/decorators/current-user.decorator.ts(1,10): error TS2305: Module '"@nestjs/common"' has no exported member 'createParamDecorator'.
src/auth/decorators/roles.decorator.ts(1,10): error TS2305: Module '"@nestjs/common"' has no exported member 'SetMetadata'.
src/auth/guards/jwt-auth.guard.ts(1,10): error TS2305: Module '"@nestjs/common"' has no exported member 'Injectable'.
src/auth/guards/jwt-auth.guard.ts(2,10): error TS2305: Module '"@nestjs/passport"' has no exported member 'AuthGuard'.
src/auth/guards/roles.guard.ts(1,10): error TS2305: Module '"@nestjs/common"' has no exported member 'Injectable'.
src/auth/guards/roles.guard.ts(1,53): error TS2305: Module '"@nestjs/common"' has no exported member 'ForbiddenException'.
src/auth/guards/roles.guard.ts(2,10): error TS2305: Module '"@nestjs/core"' has no exported member 'Reflector'.
src/auth/impersonation.service.ts(1,10): error TS2305: Module '"@nestjs/common"' has no exported member 'Injectable'.
src/auth/impersonation.service.ts(1,22): error TS2305: Module '"@nestjs/common"' has no exported member 'Logger'.
src/auth/impersonation.service.ts(1,30): error TS2305: Module '"@nestjs/common"' has no exported member 'UnauthorizedException'.
src/auth/impersonation.service.ts(2,10): error TS2305: Module '"@nestjs/jwt"' has no exported member 'JwtService'.
src/auth/jwt.strategy.ts(1,10): error TS2305: Module '"@nestjs/common"' has no exported member 'Injectable'.
src/auth/jwt.strategy.ts(2,10): error TS2305: Module '"@nestjs/passport"' has no exported member 'PassportStrategy'.
src/auth/jwt.strategy.ts(3,38): error TS6137: Cannot import type declaration files. Consider importing 'passport-jwt' instead of '@types/passport-jwt'.
src/betting/betting.controller.ts(1,10): error TS2305: Module '"@nestjs/common"' has no exported member 'Body'.
src/betting/betting.controller.ts(1,16): error TS2305: Module '"@nestjs/common"' has no exported member 'Controller'.
src/betting/betting.controller.ts(1,28): error TS2305: Module '"@nestjs/common"' has no exported member 'Post'.
src/betting/betting.controller.ts(1,34): error TS2305: Module '"@nestjs/common"' has no exported member 'UseGuards'.
src/betting/betting.controller.ts(1,45): error TS2305: Module '"@nestjs/common"' has no exported member 'Request'.
src/betting/betting.module.ts(1,10): error TS2305: Module '"@nestjs/common"' has no exported member 'Module'.
src/betting/betting.service.spec.ts(5,10): error TS2305: Module '"@nestjs/common"' has no exported member 'BadRequestException'.
src/betting/betting.service.spec.ts(5,31): error TS2305: Module '"@nestjs/common"' has no exported member 'NotFoundException'.
src/betting/betting.service.spec.ts(48,26): error TS2339: Property 'get' does not exist on type 'TestingModule'.
src/betting/betting.service.spec.ts(49,25): error TS2339: Property 'get' does not exist on type 'TestingModule'.
src/betting/betting.service.spec.ts(50,29): error TS2339: Property 'get' does not exist on type 'TestingModule'.
src/betting/betting.service.ts(1,10): error TS2305: Module '"@nestjs/common"' has no exported member 'Injectable'.
src/betting/betting.service.ts(1,22): error TS2305: Module '"@nestjs/common"' has no exported member 'Logger'.
src/betting/betting.service.ts(1,30): error TS2305: Module '"@nestjs/common"' has no exported member 'BadRequestException'.
src/betting/betting.service.ts(1,51): error TS2305: Module '"@nestjs/common"' has no exported member 'NotFoundException'.
src/betting/betting.service.ts(1,70): error TS2305: Module '"@nestjs/common"' has no exported member 'ForbiddenException'.
src/betting/betting.service.ts(2,10): error TS2305: Module '"@nestjs/config"' has no exported member 'ConfigService'.
src/betting/betting.service.ts(273,37): error TS2339: Property 'logAction' does not exist on type 'AuditService'.
src/betting/betting.service.ts(303,30): error TS2615: Type of property 'AND' circularly references itself in mapped type '{ [K in keyof { AND?: BetScalarWhereWithAggregatesInput | BetScalarWhereWithAggregatesInput[]; OR?: BetScalarWhereWithAggregatesInput[]; ... 14 more ...; meta?: JsonNullableWithAggregatesFilter<...>; }]: Or<...> extends 1 ? { ...; }[K] extends infer TK ? GetHavingFields<...> : never : {} extends FieldPaths<...> ? ne...'.
src/betting/betting.service.ts(303,30): error TS2615: Type of property 'NOT' circularly references itself in mapped type '{ [K in keyof { AND?: BetScalarWhereWithAggregatesInput | BetScalarWhereWithAggregatesInput[]; OR?: BetScalarWhereWithAggregatesInput[]; ... 14 more ...; meta?: JsonNullableWithAggregatesFilter<...>; }]: Or<...> extends 1 ? { ...; }[K] extends infer TK ? GetHavingFields<...> : never : {} extends FieldPaths<...> ? ne...'.
src/betting/betting.service.ts(303,30): error TS2615: Type of property 'OR' circularly references itself in mapped type '{ [K in keyof { AND?: BetScalarWhereWithAggregatesInput | BetScalarWhereWithAggregatesInput[]; OR?: BetScalarWhereWithAggregatesInput[]; ... 14 more ...; meta?: JsonNullableWithAggregatesFilter<...>; }]: Or<...> extends 1 ? { ...; }[K] extends infer TK ? GetHavingFields<...> : never : {} extends FieldPaths<...> ? ne...'.
src/commission/commission.module.ts(1,10): error TS2305: Module '"@nestjs/common"' has no exported member 'Module'.
src/commission/commission.service.ts(1,10): error TS2305: Module '"@nestjs/common"' has no exported member 'Injectable'.
src/commission/commission.service.ts(1,22): error TS2305: Module '"@nestjs/common"' has no exported member 'Logger'.
src/common/alert.service.ts(1,10): error TS2305: Module '"@nestjs/common"' has no exported member 'Injectable'.
src/common/alert.service.ts(1,22): error TS2305: Module '"@nestjs/common"' has no exported member 'Logger'.
src/common/audit.service.ts(1,10): error TS2305: Module '"@nestjs/common"' has no exported member 'Injectable'.
src/common/audit.service.ts(1,22): error TS2305: Module '"@nestjs/common"' has no exported member 'Logger'.
src/common/common.module.ts(1,10): error TS2305: Module '"@nestjs/common"' has no exported member 'Module'.
src/common/common.module.ts(1,18): error TS2305: Module '"@nestjs/common"' has no exported member 'Global'.
src/common/filters/http-exception.filter.ts(3,5): error TS2305: Module '"@nestjs/common"' has no exported member 'Catch'.
src/common/filters/http-exception.filter.ts(5,5): error TS2724: '"@nestjs/common"' has no exported member named 'HttpException'. Did you mean 'HttpExceptionBody'?
src/common/filters/http-exception.filter.ts(6,5): error TS2305: Module '"@nestjs/common"' has no exported member 'HttpStatus'.
src/common/filters/http-exception.filter.ts(8,35): error TS6137: Cannot import type declaration files. Consider importing 'express' instead of '@types/express'.
src/common/filters/http-exception.filter.ts(22,32): error TS2339: Property 'getStatus' does not exist on type 'unknown'.
src/common/filters/http-exception.filter.ts(23,49): error TS2339: Property 'getResponse' does not exist on type 'unknown'.
src/common/filters/http-exception.filter.ts(29,60): error TS2339: Property 'message' does not exist on type 'unknown'.
src/common/filters/http-exception.filter.ts(32,37): error TS2339: Property 'message' does not exist on type 'unknown'.
src/common/guards/vpn.guard.ts(1,10): error TS2305: Module '"@nestjs/common"' has no exported member 'Injectable'.
src/common/guards/vpn.guard.ts(1,53): error TS2305: Module '"@nestjs/common"' has no exported member 'Logger'.
src/common/guards/vpn.guard.ts(1,61): error TS2305: Module '"@nestjs/common"' has no exported member 'ForbiddenException'.
src/common/middleware/rate-limit.middleware.ts(1,10): error TS2305: Module '"@nestjs/common"' has no exported member 'Injectable'.
src/common/middleware/rate-limit.middleware.ts(2,49): error TS6137: Cannot import type declaration files. Consider importing 'express' instead of '@types/express'.
src/kyc/kyc.controller.ts(1,10): error TS2305: Module '"@nestjs/common"' has no exported member 'Body'.
src/kyc/kyc.controller.ts(1,16): error TS2305: Module '"@nestjs/common"' has no exported member 'Controller'.
src/kyc/kyc.controller.ts(1,28): error TS2305: Module '"@nestjs/common"' has no exported member 'Post'.
src/kyc/kyc.module.ts(1,10): error TS2305: Module '"@nestjs/common"' has no exported member 'Module'.
src/kyc/kyc.service.ts(1,10): error TS2305: Module '"@nestjs/common"' has no exported member 'Injectable'.
src/main.ts(3,10): error TS2305: Module '"@nestjs/common"' has no exported member 'ValidationPipe'.
src/modules/queue/queue.module.ts(1,10): error TS2305: Module '"@nestjs/common"' has no exported member 'Module'.
src/modules/queue/queue.module.ts(2,10): error TS2305: Module '"@nestjs/bull"' has no exported member 'BullModule'.
src/modules/queue/queue.module.ts(3,10): error TS2305: Module '"@nestjs/config"' has no exported member 'ConfigModule'.
src/modules/queue/queue.module.ts(3,24): error TS2305: Module '"@nestjs/config"' has no exported member 'ConfigService'.
src/modules/queue/settlement.processor.ts(1,10): error TS2305: Module '"@nestjs/bull"' has no exported member 'Processor'.
src/modules/queue/settlement.processor.ts(1,21): error TS2305: Module '"@nestjs/bull"' has no exported member 'Process'.
src/modules/queue/settlement.processor.ts(2,10): error TS2305: Module '"@nestjs/common"' has no exported member 'Logger'.
src/modules/result/result.controller.ts(1,10): error TS2305: Module '"@nestjs/common"' has no exported member 'Controller'.
src/modules/result/result.controller.ts(1,22): error TS2305: Module '"@nestjs/common"' has no exported member 'Post'.
src/modules/result/result.controller.ts(1,28): error TS2305: Module '"@nestjs/common"' has no exported member 'Body'.
src/modules/result/result.controller.ts(1,34): error TS2305: Module '"@nestjs/common"' has no exported member 'UseGuards'.
src/modules/result/result.module.ts(1,10): error TS2305: Module '"@nestjs/common"' has no exported member 'Module'.
src/modules/risk/risk.controller.ts(1,10): error TS2305: Module '"@nestjs/common"' has no exported member 'Controller'.
src/modules/risk/risk.controller.ts(1,22): error TS2305: Module '"@nestjs/common"' has no exported member 'Get'.
src/modules/risk/risk.controller.ts(1,27): error TS2305: Module '"@nestjs/common"' has no exported member 'Param'.
src/modules/risk/risk.controller.ts(1,34): error TS2305: Module '"@nestjs/common"' has no exported member 'Query'.
src/modules/risk/risk.controller.ts(1,41): error TS2305: Module '"@nestjs/common"' has no exported member 'UseGuards'.
src/modules/risk/risk.module.ts(1,10): error TS2305: Module '"@nestjs/common"' has no exported member 'Module'.
src/modules/risk/risk.service.ts(1,10): error TS2305: Module '"@nestjs/common"' has no exported member 'Injectable'.
src/modules/risk/risk.service.ts(1,22): error TS2305: Module '"@nestjs/common"' has no exported member 'Logger'.
src/modules/settlement/settlement.module.ts(1,10): error TS2305: Module '"@nestjs/common"' has no exported member 'Module'.
src/modules/settlement/settlement.module.ts(4,10): error TS2305: Module '"@nestjs/bull"' has no exported member 'BullModule'.
src/modules/settlement/settlement.service.ts(1,10): error TS2305: Module '"@nestjs/common"' has no exported member 'Injectable'.
src/modules/settlement/settlement.service.ts(1,22): error TS2305: Module '"@nestjs/common"' has no exported member 'Logger'.
src/modules/settlement/settlement.service.ts(2,10): error TS2305: Module '"@nestjs/bull"' has no exported member 'InjectQueue'.
src/payment/payment.controller.ts(1,10): error TS2305: Module '"@nestjs/common"' has no exported member 'Controller'.
src/payment/payment.controller.ts(1,22): error TS2305: Module '"@nestjs/common"' has no exported member 'Get'.
src/payment/payment.controller.ts(1,27): error TS2305: Module '"@nestjs/common"' has no exported member 'Post'.
src/payment/payment.controller.ts(1,33): error TS2305: Module '"@nestjs/common"' has no exported member 'Body'.
src/payment/payment.controller.ts(1,39): error TS2305: Module '"@nestjs/common"' has no exported member 'Param'.
src/payment/payment.controller.ts(1,46): error TS2305: Module '"@nestjs/common"' has no exported member 'UseGuards'.
src/payment/payment.controller.ts(1,57): error TS2305: Module '"@nestjs/common"' has no exported member 'Request'.
src/payment/payment.module.ts(1,10): error TS2305: Module '"@nestjs/common"' has no exported member 'Module'.
src/payment/payment.service.spec.ts(4,10): error TS2305: Module '"@nestjs/common"' has no exported member 'BadRequestException'.
src/payment/payment.service.spec.ts(26,26): error TS2339: Property 'get' does not exist on type 'TestingModule'.
src/payment/payment.service.spec.ts(27,25): error TS2339: Property 'get' does not exist on type 'TestingModule'.
src/payment/payment.service.ts(1,10): error TS2305: Module '"@nestjs/common"' has no exported member 'Injectable'.
src/payment/payment.service.ts(1,22): error TS2305: Module '"@nestjs/common"' has no exported member 'BadRequestException'.
src/payment/payment.service.ts(1,43): error TS2305: Module '"@nestjs/common"' has no exported member 'Logger'.
src/prisma/prisma.module.ts(1,10): error TS2305: Module '"@nestjs/common"' has no exported member 'Global'.
src/prisma/prisma.module.ts(1,18): error TS2305: Module '"@nestjs/common"' has no exported member 'Module'.
src/prisma/prisma.service.ts(1,10): error TS2305: Module '"@nestjs/common"' has no exported member 'Injectable'.
src/risk/risk-engine.module.ts(1,10): error TS2305: Module '"@nestjs/common"' has no exported member 'Module'.
src/risk/risk-engine.service.ts(1,10): error TS2305: Module '"@nestjs/common"' has no exported member 'Injectable'.
src/risk/risk-engine.service.ts(1,22): error TS2305: Module '"@nestjs/common"' has no exported member 'Logger'.
src/risk/risk-engine.service.ts(2,10): error TS2305: Module '"@nestjs/schedule"' has no exported member 'Cron'.
src/risk/risk-engine.service.ts(2,16): error TS2305: Module '"@nestjs/schedule"' has no exported member 'CronExpression'.
src/user/hierarchy.service.ts(1,10): error TS2305: Module '"@nestjs/common"' has no exported member 'Injectable'.
src/user/lock.service.ts(1,10): error TS2305: Module '"@nestjs/common"' has no exported member 'Injectable'.
src/user/lock.service.ts(1,22): error TS2305: Module '"@nestjs/common"' has no exported member 'Logger'.
src/user/lock.service.ts(1,30): error TS2305: Module '"@nestjs/common"' has no exported member 'ForbiddenException'.
src/user/user.controller.ts(2,5): error TS2305: Module '"@nestjs/common"' has no exported member 'Controller'.
src/user/user.controller.ts(3,5): error TS2305: Module '"@nestjs/common"' has no exported member 'Get'.
src/user/user.controller.ts(4,5): error TS2305: Module '"@nestjs/common"' has no exported member 'Post'.
src/user/user.controller.ts(5,5): error TS2305: Module '"@nestjs/common"' has no exported member 'Put'.
src/user/user.controller.ts(6,5): error TS2305: Module '"@nestjs/common"' has no exported member 'Body'.
src/user/user.controller.ts(7,5): error TS2305: Module '"@nestjs/common"' has no exported member 'Param'.
src/user/user.controller.ts(8,5): error TS2305: Module '"@nestjs/common"' has no exported member 'UseGuards'.
src/user/user.controller.ts(9,5): error TS2305: Module '"@nestjs/common"' has no exported member 'Query'.
src/user/user.module.ts(1,10): error TS2305: Module '"@nestjs/common"' has no exported member 'Module'.
src/user/user.service.ts(1,10): error TS2305: Module '"@nestjs/common"' has no exported member 'Injectable'.
src/user/user.service.ts(1,22): error TS2305: Module '"@nestjs/common"' has no exported member 'NotFoundException'.
src/user/user.service.ts(1,41): error TS2305: Module '"@nestjs/common"' has no exported member 'ForbiddenException'.
src/user/user.service.ts(5,25): error TS6137: Cannot import type declaration files. Consider importing 'bcrypt' instead of '@types/bcrypt'.
test/production-hardening.spec.ts(7,10): error TS2305: Module '"@nestjs/common"' has no exported member 'ForbiddenException'.
test/production-hardening.spec.ts(56,35): error TS2339: Property 'get' does not exist on type 'TestingModule'.
test/production-hardening.spec.ts(57,30): error TS2339: Property 'get' does not exist on type 'TestingModule'.
test/production-hardening.spec.ts(58,30): error TS2339: Property 'get' does not exist on type 'TestingModule'.
test/production-hardening.spec.ts(59,32): error TS2339: Property 'get' does not exist on type 'TestingModule'.
